Testing model: gemini-1.5-flash
node : Error with gem
ini-1.5-flash: [Googl
eGenerativeAI Error]:
 Error fetching from 
https://generativelan
guage.googleapis.com/
v1beta/models/gemini-
1.5-flash:generateCon
tent: [404 Not Found]
 models/gemini-1.5-fl
ash is not found for 
API version v1beta, o
r is not supported fo
r generateContent. Ca
ll ListModels to see 
the list of available
 models and their sup
ported methods.
発生場所 行:1 文字:1
+ node test-key.js > 
test_output.txt 2>&1
+ ~~~~~~~~~~~~~~~~~~~
~~~~~~~~~~~~~~~~~~~~
    + CategoryInfo   
           : NotSpe  
  cified: (Error w   
 ith gemi...porte    
d methods.:Strin    g
) [], RemoteExc    ep
tion
    + FullyQualified 
   ErrorId : Native  
  CommandError
 
Testing model: gemini-pro
Full Error Object: {
  "stack": "Error: [G
oogleGenerativeAI Err
or]: Error fetching f
rom https://generativ
elanguage.googleapis.
com/v1beta/models/gem
ini-1.5-flash:generat
eContent: [404 Not Fo
und] models/gemini-1.
5-flash is not found 
for API version v1bet
a, or is not supporte
d for generateContent
. Call ListModels to 
see the list of avail
able models and their
 supported methods.\n
    at handleResponse
NotOk (C:\\Users\\Own
er\\Desktop\\lp-resea
rch-tool\\node_module
s\\@google\\generativ
e-ai\\dist\\index.js:
434:11)\n    at proce
ss.processTicksAndRej
ections (node:interna
l/process/task_queues
:105:5)\n    at async
 makeRequest (C:\\Use
rs\\Owner\\Desktop\\l
p-research-tool\\node
_modules\\@google\\ge
nerative-ai\\dist\\in
dex.js:403:9)\n    at
 async generateConten
t (C:\\Users\\Owner\\
Desktop\\lp-research-
tool\\node_modules\\@
google\\generative-ai
\\dist\\index.js:867:
22)\n    at async tes
tModel (C:\\Users\\Ow
ner\\Desktop\\lp-rese
arch-tool\\test-key.j
s:10:24)\n    at asyn
c run (C:\\Users\\Own
er\\Desktop\\lp-resea
rch-tool\\test-key.js
:23:5)",
  "message": "[Google
GenerativeAI Error]: 
Error fetching from h
ttps://generativelang
uage.googleapis.com/v
1beta/models/gemini-1
.5-flash:generateCont
ent: [404 Not Found] 
models/gemini-1.5-fla
sh is not found for A
PI version v1beta, or
 is not supported for
 generateContent. Cal
l ListModels to see t
he list of available 
models and their supp
orted methods.",
  "status": 404,
  "statusText": "Not 
Found"
}
Error with gemini-pro
: [GoogleGenerativeAI
 Error]: Error fetchi
ng from https://gener
ativelanguage.googlea
pis.com/v1beta/models
/gemini-pro:generateC
ontent: [404 Not Foun
d] models/gemini-pro 
is not found for API 
version v1beta, or is
 not supported for ge
nerateContent. Call L
istModels to see the 
list of available mod
els and their support
ed methods.
Full Error Object: {
  "stack": "Error: [G
oogleGenerativeAI Err
or]: Error fetching f
rom https://generativ
elanguage.googleapis.
com/v1beta/models/gem
ini-pro:generateConte
nt: [404 Not Found] m
odels/gemini-pro is n
ot found for API vers
ion v1beta, or is not
 supported for genera
teContent. Call ListM
odels to see the list
 of available models 
and their supported m
ethods.\n    at handl
eResponseNotOk (C:\\U
sers\\Owner\\Desktop\
\lp-research-tool\\no
de_modules\\@google\\
generative-ai\\dist\\
index.js:434:11)\n   
 at process.processTi
cksAndRejections (nod
e:internal/process/ta
sk_queues:105:5)\n   
 at async makeRequest
 (C:\\Users\\Owner\\D
esktop\\lp-research-t
ool\\node_modules\\@g
oogle\\generative-ai\
\dist\\index.js:403:9
)\n    at async gener
ateContent (C:\\Users
\\Owner\\Desktop\\lp-
research-tool\\node_m
odules\\@google\\gene
rative-ai\\dist\\inde
x.js:867:22)\n    at 
async testModel (C:\\
Users\\Owner\\Desktop
\\lp-research-tool\\t
est-key.js:10:24)\n  
  at async run (C:\\U
sers\\Owner\\Desktop\
\lp-research-tool\\te
st-key.js:24:5)",
  "message": "[Google
GenerativeAI Error]: 
Error fetching from h
ttps://generativelang
uage.googleapis.com/v
1beta/models/gemini-p
ro:generateContent: [
404 Not Found] models
/gemini-pro is not fo
und for API version v
1beta, or is not supp
orted for generateCon
tent. Call ListModels
 to see the list of a
vailable models and t
heir supported method
s.",
  "status": 404,
  "statusText": "Not 
Found"
}
